❯ git init
hint: Using 'master' as the name for the initial branch. This default branch name
hint: will change to "main" in Git 3.0. To configure the initial branch name
hint: to use in all of your new repositories, which will suppress this warning,
hint: call:
hint:
hint: 	git config --global init.defaultBranch <name>
hint:
hint: Names commonly chosen instead of 'master' are 'main', 'trunk' and
hint: 'development'. The just-created branch can be renamed via this command:
hint:
hint: 	git branch -m <name>
hint:
hint: Disable this message with "git config set advice.defaultBranchName false"
Initialized empty Git repository in /home/Hequa/module1/.git/
❯ git status
On branch master

No commits yet

nothing to commit (create/copy files and use "git add" to track)
❯ touch file.txt
❯ git add file.txt
❯ git commit -m"chore: add file.txt"
[master (root-commit) bb3d060] chore: add file.txt
 1 file changed, 0 insertions(+), 0 deletions(-)
 create mode 100644 file.txt
❯ git switch -c feature-branch-1
Switched to a new branch 'feature-branch-1'
❯ echo "new feature" > file.txt
❯ git add file.txt
❯ git commit -m"feat: add new feature"
[feature-branch-1 394595b] feat: add new feature
 1 file changed, 1 insertion(+)
❯ git remote add origin git@github.com:tqd118/Git_Practice

❯ git push origin feature-branch-1
Enter passphrase for key '/home/Hequa/.ssh/id_ed25519':
Enumerating objects: 6, done.
Counting objects: 100% (6/6), done.
Delta compression using up to 12 threads
Compressing objects: 100% (2/2), done.
Writing objects: 100% (6/6), 427 bytes | 427.00 KiB/s, done.
Total 6 (delta 0), reused 0 (delta 0), pack-reused 0 (from 0)
To github.com:tqd118/Git_Practice
 * [new branch]      feature-branch-1 -> feature-branch-1
❯ git log --oneline

394595b (HEAD -> feature-branch-1, origin/feature-branch-1) feat: add new feature
bb3d060 (master) chore: add file.txt
❯ git switch -c bugfix-1 feature-branch-1
Switched to a new branch 'bugfix-1'
❯ echo "fixing a bug" >> file.txt
❯ git add file.txt
❯ git commit -m"fix: bug fix in a new feature"
[bugfix-1 70652f7] fix: bug fix in a new feature
 1 file changed, 1 insertion(+)
❯ git switch master
Switched to branch 'master'
❯ git merge bugfix-1
Updating bb3d060..70652f7
Fast-forward
 file.txt | 2 ++
 1 file changed, 2 insertions(+)
❯ git switch -c hotfix-1
Switched to a new branch 'hotfix-1'
❯ touch hotfixFile.txt
❯ git stash -u
Saved working directory and index state WIP on hotfix-1: 70652f7 fix: bug fix in a new feature
❯ git pull

Enter passphrase for key '/home/Hequa/.ssh/id_ed25519':
There is no tracking information for the current branch.
Please specify which branch you want to merge with.
See git-pull(1) for details.

    git pull <remote> <branch>

If you wish to set tracking information for this branch you can do so with:

    git branch --set-upstream-to=origin/<branch> hotfix-1

❯ git rebase master

Current branch hotfix-1 is up to date.
❯ git stash apply
Already up to date.
On branch hotfix-1
Untracked files:
  (use "git add <file>..." to include in what will be committed)
	hotfixFile.txt

nothing added to commit but untracked files present (use "git add" to track)